HEAD 1cf3bda32180e1acf7f28d05946d93f05b7d8c70; $ uv run --no-sync python indep_check_v4.py . results/hexis31/v3-seed0-v3006
fixture §12.2: keys, derived seed 218577625307806857638750380866922209360, permutation [0, 4, 3, 2, 1, 5], ledger [{'sid': 'fixture@1', 'start': 0, 'end': 5}, {'sid': 'fixture@5', 'start': 0, 'end': 7}, {'sid': 'fixture@4', 'start': 0, 'end': 2}, {'sid': 'fixture@2', 'start': 3, 'end': 6}] checked
eligible ud23: 109108 (design 109108)
eligible ud23_oth: 109716 (design 109716)
eligible upos_only: 109108 (design 109108)
== results/hexis31/v3-seed0-v3006
 manifest_sha256 d1e79bfc1082edc97ae34dde4c0bb8b681cf06196087d6c6775b724b326c44e4
 run_id 6aa1b719e274116c5660790cf9b2ad73c7e1853cec672688e1dc27d6b7d60e05
 pairs 490 cells {'C0': 140, 'D12': 70, 'a_total1': 70, 'oth': 70, 'q_half': 70, 'upos': 70} ledgers 280 C0 position rows 2182160
 eligible per cell over 7 folds {'C0': 2182160, 'D12': 1091080, 'a_total1': 1091080, 'oth': 1097160, 'q_half': 1091080, 'upos': 1091080}; probe evaluations 0
 G_R = CE_0^R - CE_CTW^R per pair (bits/target):
  C0        ATHENAEUS            0.000000e+00
  C0        ATHENAEUS            0.000000e+00
  C0        ATHENAEUS            0.000000e+00
  C0        ATHENAEUS            0.000000e+00
  C0        ATHENAEUS            0.000000e+00
  C0        ATHENAEUS            0.000000e+00
  C0        ATHENAEUS            0.000000e+00
  C0        ATHENAEUS            0.000000e+00
  C0        ATHENAEUS            0.000000e+00
  C0        ATHENAEUS            0.000000e+00
  C0        ATHENAEUS            0.000000e+00
  C0        ATHENAEUS            0.000000e+00
  C0        ATHENAEUS            0.000000e+00
  C0        ATHENAEUS            0.000000e+00
  C0        ATHENAEUS            0.000000e+00
  C0        ATHENAEUS            0.000000e+00
  C0        ATHENAEUS            0.000000e+00
  C0        ATHENAEUS            0.000000e+00
  C0        ATHENAEUS            8.718420e-16
  C0        ATHENAEUS            8.718420e-16
  C0        DIODORUS             0.000000e+00
  C0        DIODORUS             0.000000e+00
  C0        DIODORUS             0.000000e+00
  C0        DIODORUS             0.000000e+00
  C0        DIODORUS             0.000000e+00
  C0        DIODORUS             0.000000e+00
  C0        DIODORUS             0.000000e+00
  C0        DIODORUS             0.000000e+00
  C0        DIODORUS             0.000000e+00
  C0        DIODORUS             0.000000e+00
  C0        DIODORUS             0.000000e+00
  C0        DIODORUS             0.000000e+00
  C0        DIODORUS             0.000000e+00
  C0        DIODORUS             0.000000e+00
  C0        DIODORUS             0.000000e+00
  C0        DIODORUS             0.000000e+00
  C0        DIODORUS             0.000000e+00
  C0        DIODORUS             5.899106e-16
  C0        DIODORUS             5.899106e-16
  C0        DIODORUS             1.179821e-15
  C0        HERODOTUS            0.000000e+00
  C0        HERODOTUS            0.000000e+00
  C0        HERODOTUS            0.000000e+00
  C0        HERODOTUS            0.000000e+00
  C0        HERODOTUS            0.000000e+00
  C0        HERODOTUS            0.000000e+00
  C0        HERODOTUS            0.000000e+00
  C0        HERODOTUS            0.000000e+00
  C0        HERODOTUS            0.000000e+00
  C0        HERODOTUS            0.000000e+00
  C0        HERODOTUS            0.000000e+00
  C0        HERODOTUS            0.000000e+00
  C0        HERODOTUS            0.000000e+00
  C0        HERODOTUS            0.000000e+00
  C0        HERODOTUS            0.000000e+00
  C0        HERODOTUS            0.000000e+00
  C0        HERODOTUS            0.000000e+00
  C0        HERODOTUS            0.000000e+00
  C0        HERODOTUS            0.000000e+00
  C0        HERODOTUS            5.620236e-16
  C0        HESIODIC_TRADITION   0.000000e+00
  C0        HESIODIC_TRADITION   0.000000e+00
  C0        HESIODIC_TRADITION   0.000000e+00
  C0        HESIODIC_TRADITION   0.000000e+00
  C0        HESIODIC_TRADITION   0.000000e+00
  C0        HESIODIC_TRADITION   0.000000e+00
  C0        HESIODIC_TRADITION   0.000000e+00
  C0        HESIODIC_TRADITION   0.000000e+00
  C0        HESIODIC_TRADITION   0.000000e+00
  C0        HESIODIC_TRADITION   0.000000e+00
  C0        HESIODIC_TRADITION   0.000000e+00
  C0        HESIODIC_TRADITION   0.000000e+00
  C0        HESIODIC_TRADITION   0.000000e+00
  C0        HESIODIC_TRADITION   0.000000e+00
  C0        HESIODIC_TRADITION   0.000000e+00
  C0        HESIODIC_TRADITION   0.000000e+00
  C0        HESIODIC_TRADITION   0.000000e+00
  C0        HESIODIC_TRADITION   0.000000e+00
  C0        HESIODIC_TRADITION   0.000000e+00
  C0        HESIODIC_TRADITION   5.706633e-16
  C0        HOMERIC_TRADITION    0.000000e+00
  C0        HOMERIC_TRADITION    0.000000e+00
  C0        HOMERIC_TRADITION    0.000000e+00
  C0        HOMERIC_TRADITION    0.000000e+00
  C0        HOMERIC_TRADITION    0.000000e+00
  C0        HOMERIC_TRADITION    0.000000e+00
  C0        HOMERIC_TRADITION    0.000000e+00
  C0        HOMERIC_TRADITION    0.000000e+00
  C0        HOMERIC_TRADITION    0.000000e+00
  C0        HOMERIC_TRADITION    0.000000e+00
  C0        HOMERIC_TRADITION    0.000000e+00
  C0        HOMERIC_TRADITION    0.000000e+00
  C0        HOMERIC_TRADITION    0.000000e+00
  C0        HOMERIC_TRADITION    0.000000e+00
  C0        HOMERIC_TRADITION    0.000000e+00
  C0        HOMERIC_TRADITION    0.000000e+00
  C0        HOMERIC_TRADITION    0.000000e+00
  C0        HOMERIC_TRADITION    0.000000e+00
  C0        HOMERIC_TRADITION    0.000000e+00
  C0        HOMERIC_TRADITION    6.240904e-16
  C0        PLUTARCH             0.000000e+00
  C0        PLUTARCH             0.000000e+00
  C0        PLUTARCH             0.000000e+00
  C0        PLUTARCH             0.000000e+00
  C0        PLUTARCH             0.000000e+00
  C0        PLUTARCH             0.000000e+00
  C0        PLUTARCH             0.000000e+00
  C0        PLUTARCH             0.000000e+00
  C0        PLUTARCH             0.000000e+00
  C0        PLUTARCH             0.000000e+00
  C0        PLUTARCH             0.000000e+00
  C0        PLUTARCH             0.000000e+00
  C0        PLUTARCH             0.000000e+00
  C0        PLUTARCH             0.000000e+00
  C0        PLUTARCH             0.000000e+00
  C0        PLUTARCH             0.000000e+00
  C0        PLUTARCH             0.000000e+00
  C0        PLUTARCH             0.000000e+00
  C0        PLUTARCH             0.000000e+00
  C0        PLUTARCH             5.271669e-16
  C0        THUCYDIDES           0.000000e+00
  C0        THUCYDIDES           0.000000e+00
  C0        THUCYDIDES           0.000000e+00
  C0        THUCYDIDES           0.000000e+00
  C0        THUCYDIDES           0.000000e+00
  C0        THUCYDIDES           0.000000e+00
  C0        THUCYDIDES           0.000000e+00
  C0        THUCYDIDES           0.000000e+00
  C0        THUCYDIDES           0.000000e+00
  C0        THUCYDIDES           0.000000e+00
  C0        THUCYDIDES           0.000000e+00
  C0        THUCYDIDES           0.000000e+00
  C0        THUCYDIDES           0.000000e+00
  C0        THUCYDIDES           0.000000e+00
  C0        THUCYDIDES           0.000000e+00
  C0        THUCYDIDES           0.000000e+00
  C0        THUCYDIDES           0.000000e+00
  C0        THUCYDIDES           0.000000e+00
  C0        THUCYDIDES           0.000000e+00
  C0        THUCYDIDES           0.000000e+00
  D12       ATHENAEUS            0.000000e+00
  D12       ATHENAEUS            0.000000e+00
  D12       ATHENAEUS            0.000000e+00
  D12       ATHENAEUS            0.000000e+00
  D12       ATHENAEUS            0.000000e+00
  D12       ATHENAEUS            0.000000e+00
  D12       ATHENAEUS            0.000000e+00
  D12       ATHENAEUS            0.000000e+00
  D12       ATHENAEUS            0.000000e+00
  D12       ATHENAEUS            8.718420e-16
  D12       DIODORUS             0.000000e+00
  D12       DIODORUS             0.000000e+00
  D12       DIODORUS             0.000000e+00
  D12       DIODORUS             0.000000e+00
  D12       DIODORUS             0.000000e+00
  D12       DIODORUS             0.000000e+00
  D12       DIODORUS             0.000000e+00
  D12       DIODORUS             0.000000e+00
  D12       DIODORUS             0.000000e+00
  D12       DIODORUS             5.899106e-16
  D12       HERODOTUS            0.000000e+00
  D12       HERODOTUS            0.000000e+00
  D12       HERODOTUS            0.000000e+00
  D12       HERODOTUS            0.000000e+00
  D12       HERODOTUS            0.000000e+00
  D12       HERODOTUS            0.000000e+00
  D12       HERODOTUS            0.000000e+00
  D12       HERODOTUS            0.000000e+00
  D12       HERODOTUS            0.000000e+00
  D12       HERODOTUS            0.000000e+00
  D12       HESIODIC_TRADITION   0.000000e+00
  D12       HESIODIC_TRADITION   0.000000e+00
  D12       HESIODIC_TRADITION   0.000000e+00
  D12       HESIODIC_TRADITION   0.000000e+00
  D12       HESIODIC_TRADITION   0.000000e+00
  D12       HESIODIC_TRADITION   0.000000e+00
  D12       HESIODIC_TRADITION   0.000000e+00
  D12       HESIODIC_TRADITION   0.000000e+00
  D12       HESIODIC_TRADITION   0.000000e+00
  D12       HESIODIC_TRADITION   5.706633e-16
  D12       HOMERIC_TRADITION    0.000000e+00
  D12       HOMERIC_TRADITION    0.000000e+00
  D12       HOMERIC_TRADITION    0.000000e+00
  D12       HOMERIC_TRADITION    0.000000e+00
  D12       HOMERIC_TRADITION    0.000000e+00
  D12       HOMERIC_TRADITION    0.000000e+00
  D12       HOMERIC_TRADITION    0.000000e+00
  D12       HOMERIC_TRADITION    0.000000e+00
  D12       HOMERIC_TRADITION    0.000000e+00
  D12       HOMERIC_TRADITION    6.240904e-16
  D12       PLUTARCH             0.000000e+00
  D12       PLUTARCH             0.000000e+00
  D12       PLUTARCH             0.000000e+00
  D12       PLUTARCH             0.000000e+00
  D12       PLUTARCH             0.000000e+00
  D12       PLUTARCH             0.000000e+00
  D12       PLUTARCH             0.000000e+00
  D12       PLUTARCH             0.000000e+00
  D12       PLUTARCH             0.000000e+00
  D12       PLUTARCH             0.000000e+00
  D12       THUCYDIDES           0.000000e+00
  D12       THUCYDIDES           0.000000e+00
  D12       THUCYDIDES           0.000000e+00
  D12       THUCYDIDES           0.000000e+00
  D12       THUCYDIDES           0.000000e+00
  D12       THUCYDIDES           0.000000e+00
  D12       THUCYDIDES           0.000000e+00
  D12       THUCYDIDES           0.000000e+00
  D12       THUCYDIDES           0.000000e+00
  D12       THUCYDIDES           0.000000e+00
  a_total1  ATHENAEUS            0.000000e+00
  a_total1  ATHENAEUS            0.000000e+00
  a_total1  ATHENAEUS            0.000000e+00
  a_total1  ATHENAEUS            0.000000e+00
  a_total1  ATHENAEUS            0.000000e+00
  a_total1  ATHENAEUS            0.000000e+00
  a_total1  ATHENAEUS            0.000000e+00
  a_total1  ATHENAEUS            0.000000e+00
  a_total1  ATHENAEUS            0.000000e+00
  a_total1  ATHENAEUS            0.000000e+00
  a_total1  DIODORUS             0.000000e+00
  a_total1  DIODORUS             0.000000e+00
  a_total1  DIODORUS             0.000000e+00
  a_total1  DIODORUS             0.000000e+00
  a_total1  DIODORUS             0.000000e+00
  a_total1  DIODORUS             0.000000e+00
  a_total1  DIODORUS             0.000000e+00
  a_total1  DIODORUS             0.000000e+00
  a_total1  DIODORUS             0.000000e+00
  a_total1  DIODORUS             1.179821e-15
  a_total1  HERODOTUS            0.000000e+00
  a_total1  HERODOTUS            0.000000e+00
  a_total1  HERODOTUS            0.000000e+00
  a_total1  HERODOTUS            0.000000e+00
  a_total1  HERODOTUS            0.000000e+00
  a_total1  HERODOTUS            0.000000e+00
  a_total1  HERODOTUS            0.000000e+00
  a_total1  HERODOTUS            1.124047e-15
  a_total1  HERODOTUS            1.124047e-15
  a_total1  HERODOTUS            1.124047e-15
  a_total1  HESIODIC_TRADITION   0.000000e+00
  a_total1  HESIODIC_TRADITION   0.000000e+00
  a_total1  HESIODIC_TRADITION   0.000000e+00
  a_total1  HESIODIC_TRADITION   0.000000e+00
  a_total1  HESIODIC_TRADITION   0.000000e+00
  a_total1  HESIODIC_TRADITION   0.000000e+00
  a_total1  HESIODIC_TRADITION   0.000000e+00
  a_total1  HESIODIC_TRADITION   0.000000e+00
  a_total1  HESIODIC_TRADITION   5.706633e-16
  a_total1  HESIODIC_TRADITION   5.706633e-16
  a_total1  HOMERIC_TRADITION    0.000000e+00
  a_total1  HOMERIC_TRADITION    0.000000e+00
  a_total1  HOMERIC_TRADITION    0.000000e+00
  a_total1  HOMERIC_TRADITION    0.000000e+00
  a_total1  HOMERIC_TRADITION    0.000000e+00
  a_total1  HOMERIC_TRADITION    0.000000e+00
  a_total1  HOMERIC_TRADITION    0.000000e+00
  a_total1  HOMERIC_TRADITION    0.000000e+00
  a_total1  HOMERIC_TRADITION    0.000000e+00
  a_total1  HOMERIC_TRADITION    6.240904e-16
  a_total1  PLUTARCH             0.000000e+00
  a_total1  PLUTARCH             0.000000e+00
  a_total1  PLUTARCH             0.000000e+00
  a_total1  PLUTARCH             0.000000e+00
  a_total1  PLUTARCH             0.000000e+00
  a_total1  PLUTARCH             0.000000e+00
  a_total1  PLUTARCH             0.000000e+00
  a_total1  PLUTARCH             0.000000e+00
  a_total1  PLUTARCH             5.271669e-16
  a_total1  PLUTARCH             5.271669e-16
  a_total1  THUCYDIDES           0.000000e+00
  a_total1  THUCYDIDES           0.000000e+00
  a_total1  THUCYDIDES           0.000000e+00
  a_total1  THUCYDIDES           0.000000e+00
  a_total1  THUCYDIDES           0.000000e+00
  a_total1  THUCYDIDES           0.000000e+00
  a_total1  THUCYDIDES           0.000000e+00
  a_total1  THUCYDIDES           0.000000e+00
  a_total1  THUCYDIDES           1.006774e-15
  a_total1  THUCYDIDES           1.006774e-15
  oth       ATHENAEUS            0.000000e+00
  oth       ATHENAEUS            0.000000e+00
  oth       ATHENAEUS            0.000000e+00
  oth       ATHENAEUS            0.000000e+00
  oth       ATHENAEUS            0.000000e+00
  oth       ATHENAEUS            0.000000e+00
  oth       ATHENAEUS            0.000000e+00
  oth       ATHENAEUS            0.000000e+00
  oth       ATHENAEUS            0.000000e+00
  oth       ATHENAEUS            0.000000e+00
  oth       DIODORUS             0.000000e+00
  oth       DIODORUS             0.000000e+00
  oth       DIODORUS             0.000000e+00
  oth       DIODORUS             0.000000e+00
  oth       DIODORUS             0.000000e+00
  oth       DIODORUS             0.000000e+00
  oth       DIODORUS             0.000000e+00
  oth       DIODORUS             0.000000e+00
  oth       DIODORUS             0.000000e+00
  oth       DIODORUS             0.000000e+00
  oth       HERODOTUS            0.000000e+00
  oth       HERODOTUS            0.000000e+00
  oth       HERODOTUS            0.000000e+00
  oth       HERODOTUS            0.000000e+00
  oth       HERODOTUS            0.000000e+00
  oth       HERODOTUS            0.000000e+00
  oth       HERODOTUS            0.000000e+00
  oth       HERODOTUS            0.000000e+00
  oth       HERODOTUS            0.000000e+00
  oth       HERODOTUS            0.000000e+00
  oth       HESIODIC_TRADITION   -5.686119e-16
  oth       HESIODIC_TRADITION   0.000000e+00
  oth       HESIODIC_TRADITION   0.000000e+00
  oth       HESIODIC_TRADITION   0.000000e+00
  oth       HESIODIC_TRADITION   0.000000e+00
  oth       HESIODIC_TRADITION   0.000000e+00
  oth       HESIODIC_TRADITION   0.000000e+00
  oth       HESIODIC_TRADITION   0.000000e+00
  oth       HESIODIC_TRADITION   0.000000e+00
  oth       HESIODIC_TRADITION   0.000000e+00
  oth       HOMERIC_TRADITION    0.000000e+00
  oth       HOMERIC_TRADITION    0.000000e+00
  oth       HOMERIC_TRADITION    0.000000e+00
  oth       HOMERIC_TRADITION    0.000000e+00
  oth       HOMERIC_TRADITION    0.000000e+00
  oth       HOMERIC_TRADITION    0.000000e+00
  oth       HOMERIC_TRADITION    0.000000e+00
  oth       HOMERIC_TRADITION    0.000000e+00
  oth       HOMERIC_TRADITION    0.000000e+00
  oth       HOMERIC_TRADITION    0.000000e+00
  oth       PLUTARCH             0.000000e+00
  oth       PLUTARCH             0.000000e+00
  oth       PLUTARCH             0.000000e+00
  oth       PLUTARCH             0.000000e+00
  oth       PLUTARCH             0.000000e+00
  oth       PLUTARCH             0.000000e+00
  oth       PLUTARCH             0.000000e+00
  oth       PLUTARCH             0.000000e+00
  oth       PLUTARCH             0.000000e+00
  oth       PLUTARCH             0.000000e+00
  oth       THUCYDIDES           -1.005800e-15
  oth       THUCYDIDES           -1.005800e-15
  oth       THUCYDIDES           0.000000e+00
  oth       THUCYDIDES           0.000000e+00
  oth       THUCYDIDES           0.000000e+00
  oth       THUCYDIDES           0.000000e+00
  oth       THUCYDIDES           0.000000e+00
  oth       THUCYDIDES           0.000000e+00
  oth       THUCYDIDES           0.000000e+00
  oth       THUCYDIDES           0.000000e+00
  q_half    ATHENAEUS            0.000000e+00
  q_half    ATHENAEUS            0.000000e+00
  q_half    ATHENAEUS            0.000000e+00
  q_half    ATHENAEUS            0.000000e+00
  q_half    ATHENAEUS            0.000000e+00
  q_half    ATHENAEUS            0.000000e+00
  q_half    ATHENAEUS            0.000000e+00
  q_half    ATHENAEUS            0.000000e+00
  q_half    ATHENAEUS            0.000000e+00
  q_half    ATHENAEUS            0.000000e+00
  q_half    DIODORUS             0.000000e+00
  q_half    DIODORUS             0.000000e+00
  q_half    DIODORUS             0.000000e+00
  q_half    DIODORUS             0.000000e+00
  q_half    DIODORUS             0.000000e+00
  q_half    DIODORUS             0.000000e+00
  q_half    DIODORUS             0.000000e+00
  q_half    DIODORUS             0.000000e+00
  q_half    DIODORUS             0.000000e+00
  q_half    DIODORUS             1.179821e-15
  q_half    HERODOTUS            0.000000e+00
  q_half    HERODOTUS            0.000000e+00
  q_half    HERODOTUS            0.000000e+00
  q_half    HERODOTUS            0.000000e+00
  q_half    HERODOTUS            0.000000e+00
  q_half    HERODOTUS            0.000000e+00
  q_half    HERODOTUS            0.000000e+00
  q_half    HERODOTUS            0.000000e+00
  q_half    HERODOTUS            0.000000e+00
  q_half    HERODOTUS            5.620236e-16
  q_half    HESIODIC_TRADITION   0.000000e+00
  q_half    HESIODIC_TRADITION   0.000000e+00
  q_half    HESIODIC_TRADITION   0.000000e+00
  q_half    HESIODIC_TRADITION   0.000000e+00
  q_half    HESIODIC_TRADITION   0.000000e+00
  q_half    HESIODIC_TRADITION   0.000000e+00
  q_half    HESIODIC_TRADITION   0.000000e+00
  q_half    HESIODIC_TRADITION   5.706633e-16
  q_half    HESIODIC_TRADITION   5.706633e-16
  q_half    HESIODIC_TRADITION   5.706633e-16
  q_half    HOMERIC_TRADITION    0.000000e+00
  q_half    HOMERIC_TRADITION    0.000000e+00
  q_half    HOMERIC_TRADITION    0.000000e+00
  q_half    HOMERIC_TRADITION    0.000000e+00
  q_half    HOMERIC_TRADITION    0.000000e+00
  q_half    HOMERIC_TRADITION    0.000000e+00
  q_half    HOMERIC_TRADITION    0.000000e+00
  q_half    HOMERIC_TRADITION    0.000000e+00
  q_half    HOMERIC_TRADITION    0.000000e+00
  q_half    HOMERIC_TRADITION    6.240904e-16
  q_half    PLUTARCH             0.000000e+00
  q_half    PLUTARCH             0.000000e+00
  q_half    PLUTARCH             0.000000e+00
  q_half    PLUTARCH             0.000000e+00
  q_half    PLUTARCH             0.000000e+00
  q_half    PLUTARCH             0.000000e+00
  q_half    PLUTARCH             0.000000e+00
  q_half    PLUTARCH             0.000000e+00
  q_half    PLUTARCH             5.271669e-16
  q_half    PLUTARCH             1.054334e-15
  q_half    THUCYDIDES           0.000000e+00
  q_half    THUCYDIDES           0.000000e+00
  q_half    THUCYDIDES           0.000000e+00
  q_half    THUCYDIDES           0.000000e+00
  q_half    THUCYDIDES           0.000000e+00
  q_half    THUCYDIDES           0.000000e+00
  q_half    THUCYDIDES           0.000000e+00
  q_half    THUCYDIDES           0.000000e+00
  q_half    THUCYDIDES           0.000000e+00
  q_half    THUCYDIDES           1.006774e-15
  upos      ATHENAEUS            0.000000e+00
  upos      ATHENAEUS            0.000000e+00
  upos      ATHENAEUS            0.000000e+00
  upos      ATHENAEUS            0.000000e+00
  upos      ATHENAEUS            0.000000e+00
  upos      ATHENAEUS            0.000000e+00
  upos      ATHENAEUS            0.000000e+00
  upos      ATHENAEUS            0.000000e+00
  upos      ATHENAEUS            1.307763e-15
  upos      ATHENAEUS            1.695733e-13
  upos      DIODORUS             0.000000e+00
  upos      DIODORUS             0.000000e+00
  upos      DIODORUS             0.000000e+00
  upos      DIODORUS             0.000000e+00
  upos      DIODORUS             0.000000e+00
  upos      DIODORUS             0.000000e+00
  upos      DIODORUS             0.000000e+00
  upos      DIODORUS             0.000000e+00
  upos      DIODORUS             0.000000e+00
  upos      DIODORUS             5.486169e-14
  upos      HERODOTUS            0.000000e+00
  upos      HERODOTUS            0.000000e+00
  upos      HERODOTUS            0.000000e+00
  upos      HERODOTUS            0.000000e+00
  upos      HERODOTUS            0.000000e+00
  upos      HERODOTUS            0.000000e+00
  upos      HERODOTUS            0.000000e+00
  upos      HERODOTUS            0.000000e+00
  upos      HERODOTUS            0.000000e+00
  upos      HERODOTUS            3.693897e-09
  upos      HESIODIC_TRADITION   0.000000e+00
  upos      HESIODIC_TRADITION   0.000000e+00
  upos      HESIODIC_TRADITION   0.000000e+00
  upos      HESIODIC_TRADITION   0.000000e+00
  upos      HESIODIC_TRADITION   0.000000e+00
  upos      HESIODIC_TRADITION   0.000000e+00
  upos      HESIODIC_TRADITION   0.000000e+00
  upos      HESIODIC_TRADITION   0.000000e+00
  upos      HESIODIC_TRADITION   0.000000e+00
  upos      HESIODIC_TRADITION   0.000000e+00
  upos      HOMERIC_TRADITION    0.000000e+00
  upos      HOMERIC_TRADITION    0.000000e+00
  upos      HOMERIC_TRADITION    0.000000e+00
  upos      HOMERIC_TRADITION    0.000000e+00
  upos      HOMERIC_TRADITION    0.000000e+00
  upos      HOMERIC_TRADITION    0.000000e+00
  upos      HOMERIC_TRADITION    0.000000e+00
  upos      HOMERIC_TRADITION    0.000000e+00
  upos      HOMERIC_TRADITION    0.000000e+00
  upos      HOMERIC_TRADITION    0.000000e+00
  upos      PLUTARCH             0.000000e+00
  upos      PLUTARCH             0.000000e+00
  upos      PLUTARCH             0.000000e+00
  upos      PLUTARCH             0.000000e+00
  upos      PLUTARCH             0.000000e+00
  upos      PLUTARCH             0.000000e+00
  upos      PLUTARCH             0.000000e+00
  upos      PLUTARCH             1.581501e-15
  upos      PLUTARCH             1.465524e-13
  upos      PLUTARCH             2.036340e-05
  upos      THUCYDIDES           0.000000e+00
  upos      THUCYDIDES           0.000000e+00
  upos      THUCYDIDES           0.000000e+00
  upos      THUCYDIDES           0.000000e+00
  upos      THUCYDIDES           0.000000e+00
  upos      THUCYDIDES           0.000000e+00
  upos      THUCYDIDES           0.000000e+00
  upos      THUCYDIDES           6.896404e-14
  upos      THUCYDIDES           7.278978e-13
  upos      THUCYDIDES           1.932503e-12
PROBLEMS 0

real	2m13.920s
user	2m12.658s
sys	0m0.687s
exit 0
