HEAD ff0388a53985bf836b7eb3e700c6ba097cc13d3f; $ uv run --no-sync python results/hexis31/v3-seed0-v3006-logs/indep_check.py . results/hexis31/v3-seed0-v3006 results/hexis31/v3-seed0-v3006-regeneration
fixture §12.2: keys, derived seed 218577625307806857638750380866922209360, permutation [0, 4, 3, 2, 1, 5], ledger [{'sid': 'fixture@1', 'start': 0, 'end': 5}, {'sid': 'fixture@5', 'start': 0, 'end': 7}, {'sid': 'fixture@4', 'start': 0, 'end': 2}, {'sid': 'fixture@2', 'start': 3, 'end': 6}] checked
eligible ud23: 109108 (design 109108)
eligible ud23_oth: 109716 (design 109716)
eligible upos_only: 109108 (design 109108)
== results/hexis31/v3-seed0-v3006
 manifest_sha256 b6bb403d01d345ecb3a79ff58f004ea763a3b1690e729b5253b009707085c611
 run_id 6aa1b719e274116c5660790cf9b2ad73c7e1853cec672688e1dc27d6b7d60e05
 pairs 42 cells {'C0': 7, 'D12': 7, 'a_total1': 7, 'oth': 7, 'q_half': 7, 'upos': 7} ledgers 21 C0 position rows 109108
 eligible per cell over 7 folds {'C0': 109108, 'D12': 109108, 'a_total1': 109108, 'oth': 109716, 'q_half': 109108, 'upos': 109108}; probe evaluations 0
 G_R = CE_0^R - CE_CTW^R per pair (bits/target):
  C0        ATHENAEUS            0.000000e+00
  C0        DIODORUS             0.000000e+00
  C0        HERODOTUS            0.000000e+00
  C0        HESIODIC_TRADITION   0.000000e+00
  C0        HOMERIC_TRADITION    0.000000e+00
  C0        PLUTARCH             0.000000e+00
  C0        THUCYDIDES           0.000000e+00
  D12       ATHENAEUS            0.000000e+00
  D12       DIODORUS             0.000000e+00
  D12       HERODOTUS            0.000000e+00
  D12       HESIODIC_TRADITION   0.000000e+00
  D12       HOMERIC_TRADITION    0.000000e+00
  D12       PLUTARCH             0.000000e+00
  D12       THUCYDIDES           0.000000e+00
  a_total1  ATHENAEUS            0.000000e+00
  a_total1  DIODORUS             0.000000e+00
  a_total1  HERODOTUS            0.000000e+00
  a_total1  HESIODIC_TRADITION   0.000000e+00
  a_total1  HOMERIC_TRADITION    0.000000e+00
  a_total1  PLUTARCH             0.000000e+00
  a_total1  THUCYDIDES           0.000000e+00
  oth       ATHENAEUS            0.000000e+00
  oth       DIODORUS             0.000000e+00
  oth       HERODOTUS            0.000000e+00
  oth       HESIODIC_TRADITION   0.000000e+00
  oth       HOMERIC_TRADITION    0.000000e+00
  oth       PLUTARCH             0.000000e+00
  oth       THUCYDIDES           0.000000e+00
  q_half    ATHENAEUS            0.000000e+00
  q_half    DIODORUS             0.000000e+00
  q_half    HERODOTUS            0.000000e+00
  q_half    HESIODIC_TRADITION   0.000000e+00
  q_half    HOMERIC_TRADITION    0.000000e+00
  q_half    PLUTARCH             5.271669e-16
  q_half    THUCYDIDES           0.000000e+00
  upos      ATHENAEUS            0.000000e+00
  upos      DIODORUS             0.000000e+00
  upos      HERODOTUS            0.000000e+00
  upos      HESIODIC_TRADITION   0.000000e+00
  upos      HOMERIC_TRADITION    0.000000e+00
  upos      PLUTARCH             2.036340e-05
  upos      THUCYDIDES           0.000000e+00
== results/hexis31/v3-seed0-v3006-regeneration
 manifest_sha256 72b6cdee3220cbea97ba0bfb969bd2f3b871f244e62a8f3da3182d6d84c3790a
 run_id 6aa1b719e274116c5660790cf9b2ad73c7e1853cec672688e1dc27d6b7d60e05
 pairs 42 cells {'C0': 7, 'D12': 7, 'a_total1': 7, 'oth': 7, 'q_half': 7, 'upos': 7} ledgers 21 C0 position rows 109108
 eligible per cell over 7 folds {'C0': 109108, 'D12': 109108, 'a_total1': 109108, 'oth': 109716, 'q_half': 109108, 'upos': 109108}; probe evaluations 0
 G_R = CE_0^R - CE_CTW^R per pair (bits/target):
  C0        ATHENAEUS            0.000000e+00
  C0        DIODORUS             0.000000e+00
  C0        HERODOTUS            0.000000e+00
  C0        HESIODIC_TRADITION   0.000000e+00
  C0        HOMERIC_TRADITION    0.000000e+00
  C0        PLUTARCH             0.000000e+00
  C0        THUCYDIDES           0.000000e+00
  D12       ATHENAEUS            0.000000e+00
  D12       DIODORUS             0.000000e+00
  D12       HERODOTUS            0.000000e+00
  D12       HESIODIC_TRADITION   0.000000e+00
  D12       HOMERIC_TRADITION    0.000000e+00
  D12       PLUTARCH             0.000000e+00
  D12       THUCYDIDES           0.000000e+00
  a_total1  ATHENAEUS            0.000000e+00
  a_total1  DIODORUS             0.000000e+00
  a_total1  HERODOTUS            0.000000e+00
  a_total1  HESIODIC_TRADITION   0.000000e+00
  a_total1  HOMERIC_TRADITION    0.000000e+00
  a_total1  PLUTARCH             0.000000e+00
  a_total1  THUCYDIDES           0.000000e+00
  oth       ATHENAEUS            0.000000e+00
  oth       DIODORUS             0.000000e+00
  oth       HERODOTUS            0.000000e+00
  oth       HESIODIC_TRADITION   0.000000e+00
  oth       HOMERIC_TRADITION    0.000000e+00
  oth       PLUTARCH             0.000000e+00
  oth       THUCYDIDES           0.000000e+00
  q_half    ATHENAEUS            0.000000e+00
  q_half    DIODORUS             0.000000e+00
  q_half    HERODOTUS            0.000000e+00
  q_half    HESIODIC_TRADITION   0.000000e+00
  q_half    HOMERIC_TRADITION    0.000000e+00
  q_half    PLUTARCH             5.271669e-16
  q_half    THUCYDIDES           0.000000e+00
  upos      ATHENAEUS            0.000000e+00
  upos      DIODORUS             0.000000e+00
  upos      HERODOTUS            0.000000e+00
  upos      HESIODIC_TRADITION   0.000000e+00
  upos      HOMERIC_TRADITION    0.000000e+00
  upos      PLUTARCH             2.036340e-05
  upos      THUCYDIDES           0.000000e+00
PROBLEMS 0
exit 0
